\BOOKMARK [1][-]{section.1}{\376\377\0001\000\040\000E\000x\000e\000r\000c\000i\000s\000e\000\040\000W\0001}{}% 1
\BOOKMARK [2][-]{subsection.1.1}{\376\377\0001\000.\0001\000\040\000\050\0001\000.\0004\0001\000\051\000\040\000W\000o\000r\000k\000\040\000f\000o\000r\000\040\000a\000n\000\040\000o\000c\000t\000a\000h\000e\000d\000r\000o\000n}{section.1}% 2
\BOOKMARK [2][-]{subsection.1.2}{\376\377\0001\000.\0002\000\040\000\050\0001\000.\0005\0001\000\051\000\040\000N\000\040\000c\000h\000a\000r\000g\000e\000s\000\040\000o\000n\000\040\000a\000\040\000c\000i\000r\000c\000l\000e}{section.1}% 3
\BOOKMARK [2][-]{subsection.1.3}{\376\377\0001\000.\0003\000\040\000\050\0001\000.\0005\0004\000\051\000\040\000S\000e\000m\000i\000c\000i\000r\000c\000l\000e\000\040\000a\000n\000d\000\040\000w\000i\000r\000e\000s}{section.1}% 4
\BOOKMARK [2][-]{subsection.1.4}{\376\377\0001\000.\0004\000\040\000\050\0001\000.\0005\0006\000\051\000\040\000F\000l\000u\000x\000\040\000t\000h\000r\000o\000u\000g\000h\000\040\000a\000\040\000c\000u\000b\000e}{section.1}% 5
\BOOKMARK [2][-]{subsection.1.5}{\376\377\0001\000.\0005\000\040\000\050\0001\000.\0005\0009\000\051\000\040\000Z\000e\000r\000o\000\040\000f\000i\000e\000l\000d\000\040\000i\000n\000s\000i\000d\000e\000\040\000a\000\040\000c\000y\000l\000i\000n\000d\000r\000i\000c\000a\000l\000\040\000s\000h\000e\000l\000l}{section.1}% 6
\BOOKMARK [2][-]{subsection.1.6}{\376\377\0001\000.\0006\000\040\000\050\0001\000.\0006\0000\000\051\000\040\000F\000i\000e\000l\000d\000\040\000f\000r\000o\000m\000\040\000a\000\040\000h\000o\000l\000l\000o\000w\000\040\000c\000y\000l\000i\000n\000d\000e\000r}{section.1}% 7
\BOOKMARK [1][-]{section.2}{\376\377\0002\000\040\000E\000x\000e\000r\000c\000i\000s\000e\000\040\000W\0002}{}% 8
\BOOKMARK [2][-]{subsection.2.1}{\376\377\0002\000.\0001\000\040\000\050\0001\000.\0006\0006\000\051\000\040\000F\000o\000r\000c\000e\000\040\000b\000e\000t\000w\000e\000e\000n\000\040\000t\000w\000o\000\040\000s\000t\000r\000i\000p\000s}{section.2}% 9
\BOOKMARK [2][-]{subsection.2.2}{\376\377\0002\000.\0002\000\040\000\050\0001\000.\0006\0009\000\051\000\040\000C\000a\000r\000v\000e\000d\000-\000o\000u\000t\000\040\000s\000p\000h\000e\000r\000e}{section.2}% 10
\BOOKMARK [2][-]{subsection.2.3}{\376\377\0002\000.\0003\000\040\000\050\0001\000.\0007\0004\000\051\000\040\000Z\000e\000r\000o\000\040\000f\000i\000e\000l\000d\000\040\000i\000n\000\040\000a\000\040\000s\000p\000h\000e\000r\000e}{section.2}% 11
\BOOKMARK [2][-]{subsection.2.4}{\376\377\0002\000.\0004\000\040\000\050\0001\000.\0008\0002\000\051\000\040\000E\000n\000e\000r\000g\000y\000\040\000o\000f\000\040\000c\000o\000n\000c\000e\000n\000t\000r\000i\000c\000\040\000s\000h\000e\000l\000l\000s}{section.2}% 12
\BOOKMARK [1][-]{section.3}{\376\377\0003\000\040\000E\000x\000e\000r\000c\000i\000s\000e\000\040\000W\0003}{}% 13
\BOOKMARK [2][-]{subsection.3.1}{\376\377\0003\000.\0001\000\040\000\050\0002\000.\0003\0005\000\051\000\040\000C\000e\000n\000t\000e\000r\000\040\000v\000s\000.\000\040\000c\000o\000r\000n\000e\000r\000\040\000o\000f\000\040\000a\000\040\000s\000q\000u\000a\000r\000e}{section.3}% 14
\BOOKMARK [2][-]{subsection.3.2}{\376\377\0003\000.\0002\000\040\000\050\0002\000.\0005\0003\000\051\000\040\000F\000i\000e\000l\000d\000\040\000f\000r\000o\000m\000\040\000t\000w\000o\000\040\000s\000h\000e\000l\000l\000s}{section.3}% 15
\BOOKMARK [2][-]{subsection.3.3}{\376\377\0003\000.\0003\000\040\000\050\0002\000.\0006\0002\000\051\000\040\000S\000q\000u\000a\000r\000e\000\040\000q\000u\000a\000d\000r\000u\000p\000o\000l\000e}{section.3}% 16
\BOOKMARK [2][-]{subsection.3.4}{\376\377\0003\000.\0004\000\040\000\050\0002\000.\0006\0009\000\051\000\040\000b\000o\000l\000d\0000\000m\000u\000\040\000m\000u\000m\000u\000\040\000E\000E\000E\000E\000E\000E\000\040\000a\000n\000d\000\040\000b\000o\000l\000d\0000\000m\000u\000\040\000m\000u\000m\000u\000\040\000\040\000f\000o\000r\000\040\000a\000\040\000s\000l\000a\000b}{section.3}% 17
\BOOKMARK [1][-]{section.4}{\376\377\0004\000\040\000E\000x\000e\000r\000c\000i\000s\000e\000\040\000W\0004}{}% 18
\BOOKMARK [2][-]{subsection.4.1}{\376\377\0004\000.\0001\000\040\000\050\0002\000.\0006\0007\000\051\000\040\000P\000r\000o\000d\000u\000c\000t\000\040\000o\000f\000\040\000b\000o\000l\000d\0000\000m\000u\000\040\000m\000u\000m\000u\000\040\000\040\000a\000n\000d\000\040\000b\000o\000l\000d\0000\000m\000u\000\040\000m\000u\000m\000u\000\040}{section.4}% 19
\BOOKMARK [2][-]{subsection.4.2}{\376\377\0004\000.\0002\000\040\000\050\0003\000.\0004\0007\000\051\000\040\000B\000u\000m\000p\000\040\000o\000n\000\040\000a\000\040\000p\000l\000a\000n\000e}{section.4}% 20
\BOOKMARK [2][-]{subsection.4.3}{\376\377\0004\000.\0003\000\040\000\050\0003\000.\0005\0005\000\051\000\040\000T\000w\000o\000\040\000p\000a\000i\000r\000s\000\040\000o\000f\000\040\000p\000l\000a\000t\000e\000s}{section.4}% 21
\BOOKMARK [2][-]{subsection.4.4}{\376\377\0004\000.\0004\000\040\000\050\0003\000.\0005\0009\000\051\000\040\000C\000o\000a\000x\000i\000a\000l\000\040\000c\000a\000p\000a\000c\000i\000t\000o\000r}{section.4}% 22
\BOOKMARK [2][-]{subsection.4.5}{\376\377\0004\000.\0005\000\040\000\050\0003\000.\0007\0002\000\051\000\040\000F\000o\000r\000c\000e\000\040\000o\000n\000\040\000a\000\040\000c\000a\000p\000a\000c\000i\000t\000o\000r\000\040\000s\000h\000e\000e\000t}{section.4}% 23
\BOOKMARK [1][-]{section.5}{\376\377\0005\000\040\000E\000x\000e\000r\000c\000i\000s\000e\000\040\000W\0005}{}% 24
\BOOKMARK [2][-]{subsection.5.1}{\376\377\0005\000.\0001\000\040\000\050\0004\000.\0002\0004\000\051\000\040\000M\000e\000a\000n\000\040\000f\000r\000e\000e\000\040\000t\000i\000m\000e\000\040\000i\000n\000\040\000w\000a\000t\000e\000r}{section.5}% 25
\BOOKMARK [2][-]{subsection.5.2}{\376\377\0005\000.\0002\000\040\000\050\0004\000.\0003\0002\000\051\000\040\000T\000a\000p\000e\000r\000e\000d\000\040\000r\000o\000d}{section.5}% 26
\BOOKMARK [2][-]{subsection.5.3}{\376\377\0005\000.\0003\000\040\000\050\0004\000.\0003\0005\000\051\000\040\000R\000e\000s\000i\000s\000t\000a\000n\000c\000e\000s\000\040\000i\000n\000\040\000a\000\040\000c\000u\000b\000e}{section.5}% 27
\BOOKMARK [2][-]{subsection.5.4}{\376\377\0005\000.\0004\000\040\000\050\0004\000.\0003\0006\000\051\000\040\000A\000t\000t\000e\000n\000u\000a\000t\000o\000r\000\040\000c\000h\000a\000i\000n}{section.5}% 28
\BOOKMARK [2][-]{subsection.5.5}{\376\377\0005\000.\0005\000\040\000\050\0004\000.\0004\0005\000\051\000\040\000B\000a\000t\000t\000e\000r\000y\000/\000r\000e\000s\000i\000s\000t\000o\000r\000\040\000l\000o\000o\000p}{section.5}% 29
\BOOKMARK [2][-]{subsection.5.6}{\376\377\0005\000.\0006\000\040\000\050\0004\000.\0004\0008\000\051\000\040\000C\000h\000a\000r\000g\000i\000n\000g\000\040\000a\000\040\000c\000a\000p\000a\000c\000i\000t\000o\000r}{section.5}% 30
\BOOKMARK [1][-]{section.6}{\376\377\0006\000\040\000E\000x\000e\000r\000c\000i\000s\000e\000\040\000W\0006}{}% 31
\BOOKMARK [2][-]{subsection.6.1}{\376\377\0006\000.\0001\000\040\000\050\0005\000.\0001\0002\000\051\000\040\000T\000i\000l\000t\000e\000d\000\040\000s\000h\000e\000e\000t}{section.6}% 32
\BOOKMARK [2][-]{subsection.6.2}{\376\377\0006\000.\0002\000\040\000\050\0005\000.\0001\0003\000\051\000\040\000A\000d\000d\000i\000n\000g\000\040\000t\000h\000e\000\040\000f\000i\000e\000l\000d\000s}{section.6}% 33
\BOOKMARK [2][-]{subsection.6.3}{\376\377\0006\000.\0003\000\040\000\050\0005\000.\0001\0005\000\051\000\040\000G\000a\000u\000s\000s\040\031\000s\000\040\000l\000a\000w\000\040\000f\000o\000r\000\040\000a\000\040\000m\000o\000v\000i\000n\000g\000\040\000c\000h\000a\000r\000g\000e}{section.6}% 34
\BOOKMARK [2][-]{subsection.6.4}{\376\377\0006\000.\0004\000\040\000\050\0005\000.\0002\0004\000\051\000\040\000A\000c\000q\000u\000i\000r\000i\000n\000g\000\040\000t\000r\000a\000n\000s\000v\000e\000r\000s\000e\000\040\000m\000o\000m\000e\000n\000t\000u\000m}{section.6}% 35
\BOOKMARK [1][-]{section.7}{\376\377\0007\000\040\000E\000x\000e\000r\000c\000i\000s\000e\000\040\000W\0007}{}% 36
\BOOKMARK [2][-]{subsection.7.1}{\376\377\0007\000.\0001\000\040\000\050\0005\000.\0002\0008\000\051\000\040\000S\000t\000a\000t\000i\000o\000n\000a\000r\000y\000\040\000r\000o\000d\000\040\000a\000n\000d\000\040\000m\000o\000v\000i\000n\000g\000\040\000c\000h\000a\000r\000g\000e}{section.7}% 37
\BOOKMARK [2][-]{subsection.7.2}{\376\377\0007\000.\0002\000\040\000\050\0005\000.\0003\0000\000\051\000\040\000T\000r\000a\000n\000s\000f\000o\000r\000m\000a\000t\000i\000o\000n\000s\000\040\000o\000f\000\040\000b\000o\000l\000d\0000\000m\000u\000\040\000m\000u\000m\000u\000\040\000\040\000a\000n\000d\000\040\000b\000o\000l\000d\0000\000m\000u\000\040\000m\000u\000m\000u\000\040\000I\000I\000I\000I\000I\000I}{section.7}% 38
\BOOKMARK [2][-]{subsection.7.3}{\376\377\0007\000.\0003\000\040\000\050\0006\000.\0003\0008\000\051\000\040\000U\000n\000i\000f\000o\000r\000m\000\040\000f\000i\000e\000l\000d\000\040\000i\000n\000\040\000o\000f\000f\000-\000c\000e\000n\000t\000e\000r\000\040\000h\000o\000l\000e}{section.7}% 39
\BOOKMARK [2][-]{subsection.7.4}{\376\377\0007\000.\0004\000\040\000\050\0006\000.\0004\0003\000\051\000\040\000V\000e\000c\000t\000o\000r\000\040\000p\000o\000t\000e\000n\000t\000i\000a\000l\000\040\000i\000n\000s\000i\000d\000e\000\040\000a\000\040\000w\000i\000r\000e}{section.7}% 40
\BOOKMARK [2][-]{subsection.7.5}{\376\377\0007\000.\0005\000\040\000\050\0006\000.\0004\0006\000\051\000\040\000F\000i\000e\000l\000d\000\040\000f\000r\000o\000m\000\040\000a\000\040\000w\000i\000r\000e\000\040\000f\000r\000a\000m\000e}{section.7}% 41
\BOOKMARK [1][-]{section.8}{\376\377\0008\000\040\000E\000x\000e\000r\000c\000i\000s\000e\000\040\0008}{}% 42
\BOOKMARK [2][-]{subsection.8.1}{\376\377\0008\000.\0001\000\040\000M\000a\000g\000n\000e\000t\000i\000c\000\040\000F\000i\000e\000l\000d\000\040\000i\000n\000\040\000a\000\040\000c\000y\000l\000i\000n\000d\000e\000r}{section.8}% 43
\BOOKMARK [1][-]{section.9}{\376\377\0009\000\040\000E\000x\000e\000r\000c\000i\000s\000e\000\040\0009}{}% 44
\BOOKMARK [2][-]{subsection.9.1}{\376\377\0009\000.\0001\000\040\000\050\0006\000.\0006\0009\000\051\000\040\000R\000e\000l\000a\000t\000i\000n\000g\000\040\000t\000h\000e\000\040\000f\000o\000r\000c\000e\000s}{section.9}% 45
\BOOKMARK [2][-]{subsection.9.2}{\376\377\0009\000.\0002\000\040\000\050\0007\000.\0002\0006\000\051\000\040\000S\000l\000i\000d\000i\000n\000g\000\040\000b\000a\000r}{section.9}% 46
\BOOKMARK [2][-]{subsection.9.3}{\376\377\0009\000.\0003\000\040\000\050\0007\000.\0002\0007\000\051\000\040\000R\000i\000n\000g\000\040\000i\000n\000\040\000a\000\040\000s\000o\000l\000e\000n\000o\000i\000d}{section.9}% 47
\BOOKMARK [1][-]{section.10}{\376\377\0001\0000\000\040\000E\000x\000e\000r\000c\000i\000s\000e\000\040\0001\0000}{}% 48
\BOOKMARK [2][-]{subsection.10.1}{\376\377\0001\0000\000.\0001\000\040\000\050\0007\000.\0003\0006\000\051\000\040\000C\000o\000n\000n\000e\000c\000t\000i\000n\000g\000\040\000t\000w\000o\000\040\000c\000i\000r\000c\000u\000i\000t\000s}{section.10}% 49
\BOOKMARK [2][-]{subsection.10.2}{\376\377\0001\0000\000.\0002\000\040\000\050\0008\000.\0002\0003\000\051\000\040\000E\000n\000e\000r\000g\000y\000\040\000i\000n\000\040\000a\000n\000\040\000R\000L\000C\000\040\000c\000i\000r\000c\000u\000i\000t}{section.10}% 50
\BOOKMARK [1][-]{section.11}{\376\377\0001\0001\000\040\000E\000x\000e\000r\000c\000i\000s\000e\000\040\0001\0001}{}% 51
\BOOKMARK [2][-]{subsection.11.1}{\376\377\0001\0001\000.\0001\000\040\000M\000a\000t\000r\000i\000x\000\040\000m\000e\000t\000h\000o\000d\000\040\000f\000o\000r\000\040\000R\000L\000C\000\040\000c\000i\000r\000c\000u\000i\000t}{section.11}% 52
\BOOKMARK [2][-]{subsection.11.2}{\376\377\0001\0001\000.\0002\000\040\000\050\0008\000.\0002\0001\000\051\000\040\000S\000o\000l\000v\000i\000n\000g\000\040\000a\000n\000\040\000R\000L\000C\000\040\000c\000i\000r\000c\000u\000i\000t}{section.11}% 53
\BOOKMARK [2][-]{subsection.11.3}{\376\377\0001\0001\000.\0003\000\040\000\050\0008\000.\0003\0001\000\051\000\040\000Z\000e\000r\000o\000\040\000v\000o\000l\000t\000a\000g\000e\000\040\000d\000i\000f\000f\000e\000r\000e\000n\000c\000e}{section.11}% 54
\BOOKMARK [1][-]{section.12}{\376\377\0001\0002\000\040\000E\000x\000e\000r\000c\000i\000s\000e\000\040\0001\0002}{}% 55
\BOOKMARK [2][-]{subsection.12.1}{\376\377\0001\0002\000.\0001\000\040\000\050\0009\000.\0001\0004\000\051\000\040\000S\000p\000h\000e\000r\000e\000\040\000w\000i\000t\000h\000\040\000a\000\040\000h\000o\000l\000e}{section.12}% 56
\BOOKMARK [2][-]{subsection.12.2}{\376\377\0001\0002\000.\0002\000\040\000\050\0009\000.\0001\0005\000\051\000\040\000F\000i\000e\000l\000d\000\040\000i\000n\000s\000i\000d\000e\000\040\000a\000\040\000d\000i\000s\000c\000h\000a\000r\000g\000i\000n\000g\000\040\000c\000a\000p\000a\000c\000i\000t\000o\000r}{section.12}% 57
\BOOKMARK [2][-]{subsection.12.3}{\376\377\0001\0002\000.\0003\000\040\000\050\0009\000.\0002\0002\000\051\000\040\000P\000l\000a\000n\000e\000-\000w\000a\000v\000e\000\040\000p\000u\000l\000s\000e}{section.12}% 58
\BOOKMARK [2][-]{subsection.12.4}{\376\377\0001\0002\000.\0004\000\040\000\050\0009\000.\0002\0008\000\051\000\040\000P\000o\000y\000n\000t\000i\000n\000g\000\040\000v\000e\000c\000t\000o\000r\000\040\000a\000n\000d\000\040\000r\000e\000s\000i\000s\000t\000a\000n\000c\000e\000\040\000h\000e\000a\000t\000i\000n\000g}{section.12}% 59
\BOOKMARK [1][-]{section.13}{\376\377\0001\0003\000\040\000E\000x\000e\000r\000c\000i\000s\000e\000\040\0001\0003}{}% 60
\BOOKMARK [2][-]{subsection.13.1}{\376\377\0001\0003\000.\0001\000\040\000\050\0001\0000\000.\0001\0008\000\051\000\040\000P\000a\000r\000t\000i\000a\000l\000l\000y\000\040\000f\000i\000l\000l\000e\000d\000\040\000c\000a\000p\000a\000c\000i\000t\000o\000r\000s}{section.13}% 61
\BOOKMARK [2][-]{subsection.13.2}{\376\377\0001\0003\000.\0002\000\040\000\050\0001\0000\000.\0002\0007\000\051\000\040\000P\000a\000s\000c\000a\000l\040\031\000s\000\040\000t\000r\000i\000a\000n\000g\000l\000e\000\040\000a\000n\000d\000\040\000t\000h\000e\000\040\000m\000u\000l\000t\000i\000p\000o\000l\000e\000\040\000e\000x\000p\000a\000n\000s\000i\000o\000n}{section.13}% 62
\BOOKMARK [2][-]{subsection.13.3}{\376\377\0001\0003\000.\0003\000\040\000\050\0001\0000\000.\0003\0001\000\051\000\040\000M\000u\000t\000u\000a\000l\000l\000y\000\040\000i\000n\000d\000u\000c\000e\000d\000\040\000d\000i\000p\000o\000l\000e\000s}{section.13}% 63
\BOOKMARK [2][-]{subsection.13.4}{\376\377\0001\0003\000.\0004\000\040\000\050\0001\0000\000.\0003\0009\000\051\000\040\000C\000o\000n\000d\000u\000c\000t\000i\000n\000g\000-\000s\000p\000h\000e\000r\000e\000\040\000l\000i\000m\000i\000t}{section.13}% 64
