\BOOKMARK [1][-]{section.1}{\376\377\144\130\211\201}{}% 1
\BOOKMARK [1][-]{section.2}{\376\377\122\115\212\000}{}% 2
\BOOKMARK [1][-]{section.3}{\376\377\133\236\232\214\123\237\164\006}{}% 3
\BOOKMARK [2][-]{subsection.3.1}{\376\377\200\132\124\010\221\166\224\376\137\017\123\315\136\224\377\010\000P\000C\000R\377\011}{section.3}% 4
\BOOKMARK [2][-]{subsection.3.2}{\376\377\174\373\176\337\123\321\165\037\150\021\123\312\147\204\136\372\145\271\154\325\116\016\123\237\164\006}{section.3}% 5
\BOOKMARK [1][-]{section.4}{\376\377\133\236\232\214\147\120\145\231}{}% 6
\BOOKMARK [1][-]{section.5}{\376\377\133\236\232\214\145\271\154\325}{}% 7
\BOOKMARK [2][-]{subsection.5.1}{\376\377\210\150\127\213\214\003\147\345}{section.5}% 8
\BOOKMARK [2][-]{subsection.5.2}{\376\377\127\372\126\340\176\304\000D\000N\000A\143\320\123\326}{section.5}% 9
\BOOKMARK [2][-]{subsection.5.3}{\376\377\150\300\155\113\117\115\160\271\116\016\137\025\162\151\213\276\213\241}{section.5}% 10
\BOOKMARK [2][-]{subsection.5.4}{\376\377\166\356\150\007\162\107\153\265\166\204\000P\000C\000R\142\151\130\236}{section.5}% 11
\BOOKMARK [2][-]{subsection.5.5}{\376\377\166\356\150\007\162\107\153\265\166\204\155\113\136\217\116\016\136\217\122\027\122\006\147\220}{section.5}% 12
\BOOKMARK [2][-]{subsection.5.6}{\376\377\136\372\172\313\174\373\176\337\123\321\165\037\150\021}{section.5}% 13
\BOOKMARK [1][-]{section.6}{\376\377\133\236\232\214\176\323\147\234}{}% 14
\BOOKMARK [2][-]{subsection.6.1}{\376\377\210\150\127\213\176\337\213\241}{section.6}% 15
\BOOKMARK [2][-]{subsection.6.2}{\376\377\000D\000N\000A\123\237\155\262\131\004\164\006}{section.6}% 16
\BOOKMARK [2][-]{subsection.6.3}{\376\377\000P\000C\000R\142\151\130\236\137\025\162\151\213\276\213\241}{section.6}% 17
\BOOKMARK [2][-]{subsection.6.4}{\376\377\000P\000C\000R\142\151\130\236}{section.6}% 18
\BOOKMARK [2][-]{subsection.6.5}{\376\377\155\113\136\217}{section.6}% 19
\BOOKMARK [3][-]{subsubsection.6.5.1}{\376\377\150\067\124\301\0001\377\010\121\257\377\011}{subsection.6.5}% 20
\BOOKMARK [3][-]{subsubsection.6.5.2}{\376\377\150\067\124\301\0002\377\010\227\351\377\011}{subsection.6.5}% 21
\BOOKMARK [2][-]{subsection.6.6}{\376\377\174\373\176\337\123\321\165\037\150\021}{section.6}% 22
\BOOKMARK [1][-]{section.7}{\376\377\213\250\213\272}{}% 23
\BOOKMARK [2][-]{subsection.7.1}{\376\377\127\372\126\340\127\213\116\016\210\150\127\213\133\371\161\147}{section.7}% 24
\BOOKMARK [2][-]{subsection.7.2}{\376\377\000A\000L\000D\000H\0002\000*\000\040\0005\0000\0004\000L\000y\000s\166\204\127\060\164\006\122\006\136\003}{section.7}% 25
\BOOKMARK [1][-]{section.8}{\376\377\201\364\214\042}{}% 26
